// Jest Snapshot v1, https://goo.gl/fbAQLP

exports[`<Header> Should render Header component without fail and matches the snapshot 1`] = `
<styled.header>
  <Navbar />
</styled.header>
`;
